// Jest Snapshot v1, https://goo.gl/fbAQLP

exports[`Pruebas en el componente HookApp Debe de mostrar el componente <HookApp /> correctamente 1`] = `
<div>
  <h1>
    Hola Mundo
  </h1>
</div>
`;
